[mannatthemes.com/crovex/crovex_live/dashboard/helpdesk-index.html]
[backblue.gif]
[fade.gif]
[index.html]
[mannatthemes.com/crovex/crovex_live/assets/css/bootstrap.min.css]
[mannatthemes.com/crovex/crovex_live/assets/css/jquery-ui.min.css]
[mannatthemes.com/crovex/crovex_live/assets/css/icons.min.css]
[mannatthemes.com/crovex/crovex_live/assets/css/metisMenu.min.css]
[mannatthemes.com/crovex/crovex_live/assets/css/app.min.css]
[mannatthemes.com/crovex/crovex_live/dashboard/crm-index.html]
[mannatthemes.com/crovex/crovex_live/assets/images/logo-sm.png]
[mannatthemes.com/crovex/crovex_live/assets/images/logo.png]
[mannatthemes.com/crovex/crovex_live/assets/images/logo-dark.png]
[mannatthemes.com/crovex/crovex_live/assets/images/flags/us_flag.jpg]
[mannatthemes.com/crovex/crovex_live/assets/images/flags/germany_flag.jpg]
[mannatthemes.com/crovex/crovex_live/assets/images/flags/italy_flag.jpg]
[mannatthemes.com/crovex/crovex_live/assets/images/flags/french_flag.jpg]
[mannatthemes.com/crovex/crovex_live/assets/images/flags/spain_flag.jpg]
[mannatthemes.com/crovex/crovex_live/assets/images/flags/russia_flag.jpg]
[mannatthemes.com/crovex/crovex_live/assets/images/users/user-1.png]
[mannatthemes.com/crovex/crovex_live/dashboard/analytics-index.html]
[mannatthemes.com/crovex/crovex_live/dashboard/sales-index.html]
[mannatthemes.com/crovex/crovex_live/assets/images/users/user-4.jpg]
[mannatthemes.com/crovex/crovex_live/assets/images/users/user-3.png]
[mannatthemes.com/crovex/crovex_live/assets/js/jquery.min.js]
[mannatthemes.com/crovex/crovex_live/assets/js/bootstrap.bundle.min.js]
[mannatthemes.com/crovex/crovex_live/assets/js/metismenu.min.js]
[mannatthemes.com/crovex/crovex_live/assets/js/waves.js]
[mannatthemes.com/crovex/crovex_live/assets/js/jquery.slimscroll.min.js]
[mannatthemes.com/crovex/crovex_live/assets/js/feather.min.js]
[mannatthemes.com/crovex/crovex_live/assets/js/jquery-ui.min.js]
[mannatthemes.com/crovex/plugins/apexcharts/apexcharts.min.js]
[mannatthemes.com/crovex/crovex_live/assets/pages/jquery.helpdesk-dashboard.init.js]
[mannatthemes.com/crovex/crovex_live/assets/js/app.js]
[mannatthemes.com/crovex/crovex_live/dashboard/helpdesk-index.html]
[mannatthemes.com/crovex/crovex_live/assets/css/bootstrap.min.css]
[mannatthemes.com/crovex/crovex_live/assets/css/jquery-ui.min.css]
[mannatthemes.com/crovex/crovex_live/assets/css/icons.min.css]
[mannatthemes.com/crovex/crovex_live/assets/css/metisMenu.min.css]
[mannatthemes.com/crovex/crovex_live/assets/images/open.png]
[mannatthemes.com/crovex/crovex_live/assets/images/close.png]
[mannatthemes.com/crovex/crovex_live/assets/images/1.png]
[mannatthemes.com/crovex/crovex_live/assets/images/products/offer.jpg]
[mannatthemes.com/crovex/crovex_live/assets/images/products/bg-cart.png]
[mannatthemes.com/crovex/crovex_live/assets/images/pattern.png]
[mannatthemes.com/crovex/crovex_live/assets/images/pattern2.png]
[mannatthemes.com/crovex/crovex_live/assets/css/app.min.css]
[mannatthemes.com/crovex/plugins/jvectormap/jquery-jvectormap-2.0.2.css]
[mannatthemes.com/crovex/crovex_live/assets/images/widgets/monthly-re.png]
[mannatthemes.com/crovex/crovex_live/assets/images/users/user-1.jpg]
[mannatthemes.com/crovex/crovex_live/assets/images/users/user-2.jpg]
[mannatthemes.com/crovex/crovex_live/assets/images/users/user-3.jpg]
[mannatthemes.com/crovex/crovex_live/assets/images/users/user-6.jpg]
[mannatthemes.com/crovex/crovex_live/assets/images/users/user-10.jpg]
[mannatthemes.com/crovex/crovex_live/assets/images/users/user-9.jpg]
[mannatthemes.com/crovex/crovex_live/assets/images/users/user-8.jpg]
[mannatthemes.com/crovex/crovex_live/assets/images/users/user-7.jpg]
[mannatthemes.com/crovex/crovex_live/assets/images/users/user-5.jpg]
[mannatthemes.com/crovex/plugins/moment/moment.js]
[mannatthemes.com/crovex/plugins/jvectormap/jquery-jvectormap-2.0.2.min.js]
[mannatthemes.com/crovex/plugins/jvectormap/jquery-jvectormap-world-mill-en.js]
[mannatthemes.com/crovex/plugins/flot-chart/jquery.canvaswrapper.js]
[mannatthemes.com/crovex/plugins/flot-chart/jquery.colorhelpers.js]
[mannatthemes.com/crovex/plugins/flot-chart/jquery.flot.js]
[mannatthemes.com/crovex/plugins/flot-chart/jquery.flot.saturated.js]
[mannatthemes.com/crovex/plugins/flot-chart/jquery.flot.browser.js]
[mannatthemes.com/crovex/plugins/flot-chart/jquery.flot.drawSeries.js]
[mannatthemes.com/crovex/plugins/flot-chart/jquery.flot.uiConstants.js]
[mannatthemes.com/crovex/plugins/flot-chart/jquery.flot-dataType.js]
[mannatthemes.com/crovex/crovex_live/assets/pages/jquery.crm_dashboard.init.js]
[mannatthemes.com/crovex/crovex_live/dashboard/crm-index.html]
[mannatthemes.com/crovex/crovex_live/assets/pages/jquery.analytics_dashboard.init.js]
[mannatthemes.com/crovex/crovex_live/dashboard/analytics-index.html]
[mannatthemes.com/crovex/plugins/jvectormap/jquery-jvectormap-us-aea-en.js]
[mannatthemes.com/crovex/plugins/lightpick/lightpick.css]
[mannatthemes.com/crovex/crovex_live/assets/images/products/img-1.png]
[mannatthemes.com/crovex/crovex_live/assets/images/products/img-2.png]
[mannatthemes.com/crovex/crovex_live/assets/images/products/img-3.png]
[mannatthemes.com/crovex/crovex_live/assets/images/products/img-4.png]
[mannatthemes.com/crovex/crovex_live/assets/images/products/img-5.png]
[mannatthemes.com/crovex/crovex_live/assets/images/products/img-7.png]
[mannatthemes.com/crovex/crovex_live/assets/images/cards/card-1.png]
[mannatthemes.com/crovex/crovex_live/assets/images/cards/card-2.png]
[mannatthemes.com/crovex/crovex_live/assets/images/cards/card-3.png]
[mannatthemes.com/crovex/plugins/chartjs/chart.min.js]
[mannatthemes.com/crovex/plugins/chartjs/roundedBar.min.js]
[mannatthemes.com/crovex/plugins/lightpick/lightpick.js]
[mannatthemes.com/crovex/crovex_live/assets/pages/jquery.sales_dashboard.init.js]
[mannatthemes.com/crovex/crovex_live/dashboard/sales-index.html]
[mannatthemes.com/crovex/crovex_live/assets/css/images/ui-icons_444444_256x240.html]
[mannatthemes.com/crovex/crovex_live/assets/css/images/ui-icons_555555_256x240.html]
[mannatthemes.com/crovex/crovex_live/assets/css/images/ui-icons_ffffff_256x240.html]
[mannatthemes.com/crovex/crovex_live/assets/css/images/ui-icons_777620_256x240.html]
[mannatthemes.com/crovex/crovex_live/assets/css/images/ui-icons_cc0000_256x240.html]
[mannatthemes.com/crovex/crovex_live/assets/css/images/ui-icons_777777_256x240.html]
[mannatthemes.com/crovex/plugins/jvectormap/jquery-jvectormap-2.0.2.css]
[mannatthemes.com/crovex/plugins/lightpick/lightpick.css]
